// Jest Snapshot v1, https://goo.gl/fbAQLP

exports[`Item Should match the snapshot 1`] = `
<div
  class="sc-bdnxRM hdLxNf"
>
  <p>
    item
  </p>
  <button
    class="sc-gtsrHT bxDAAl"
  >
    x
  </button>
</div>
`;
